*** IRSIM 9.7.121 *** @ Wed Aug 26 17:33:39 JST 2026
Unexpected first line: 

Using default name "Vdd" for power net.
Using default name "Gnd" for ground net.

Read tr_1um_i2c_slave_async.sim lambda:1.00u format:MIT
845 nodes; transistors: n-channel=1038 p-channel=1039 shorted=256
parallel txtors: n-channel=2 p-channel=2
irsim> time = 3000.000ns
P13=1 SDA_O=1 NC_CORE_busy=0 NC_CORE_rw=0 NC_CORE_addr_match=0 
time = 3000.000ns
time = 3020.000ns; there are 24 pending events
time = 3040.000ns
time = 3060.000ns; there are 24 pending events
time = 3160.000ns; there are 69 pending events
SDA_O=1 NC_CORE_busy=0 NC_CORE_rw=0 NC_CORE_addr_match=0 
time = 3160.000ns; there are 69 pending events
P2=1 P13=1 SDA_O=1 P15=1 NC_CORE_busy=0 NC_CORE_rw=0 NC_CORE_addr_match=0 
time = 3160.000ns; there are 69 pending events
time = 3180.000ns; there are 69 pending events
time = 3220.000ns; there are 71 pending events
NC_CORE_busy=1 
time = 3220.000ns; there are 71 pending events
time = 3240.000ns; there are 71 pending events
time = 3260.000ns; there are 58 pending events
SDA_O=1 
time = 3260.000ns; there are 58 pending events
time = 3280.000ns
time = 3300.000ns; there are 24 pending events
NC_CORE_rw=0 NC_CORE_addr_match=0 
time = 3300.000ns; there are 24 pending events
time = 3320.000ns; there are 24 pending events
time = 3820.000ns
time = 3860.000ns
time = 3880.000ns
time = 4380.000ns
time = 4420.000ns
time = 4440.000ns
time = 4940.000ns
time = 4980.000ns
time = 5000.000ns
time = 5500.000ns
time = 5540.000ns
time = 5560.000ns
time = 6060.000ns
time = 6100.000ns
time = 6120.000ns
time = 6620.000ns
time = 6660.000ns
time = 6680.000ns
time = 7180.000ns
time = 7220.000ns
time = 7240.000ns
time = 7740.000ns
time = 7780.000ns
time = 8280.000ns
time = 8300.000ns
P13=0 
time = 8300.000ns
time = 8320.000ns
NC_CORE_addr_match=1 NC_CORE_rw=0 
time = 8320.000ns
time = 8340.000ns; there are 1 pending events
time = 8840.000ns
time = 8880.000ns
time = 8900.000ns
time = 9400.000ns
time = 9440.000ns
time = 9460.000ns
time = 9960.000ns
time = 10000.000ns
time = 10020.000ns
time = 10520.000ns
time = 10560.000ns
time = 10580.000ns
time = 11080.000ns
time = 11120.000ns
time = 11140.000ns
time = 11640.000ns
time = 11680.000ns
time = 11700.000ns
time = 12200.000ns
time = 12240.000ns
time = 12260.000ns
time = 12760.000ns
time = 12800.000ns
time = 13300.000ns
time = 13320.000ns
P13=0 
time = 13320.000ns
time = 13340.000ns
NET_0=1 NET_1=0 NET_2=1 NET_3=0 NET_4=0 NET_5=1 NET_6=0 NET_7=1 
time = 13340.000ns
time = 13840.000ns
time = 21840.000ns
time = 22340.000ns
NC_CORE_busy=0 
time = 22340.000ns
time = 22380.000ns
time = 22400.000ns
time = 22440.000ns
NC_CORE_busy=1 
time = 22440.000ns
NC_CORE_rw=0 NC_CORE_addr_match=1 
time = 22440.000ns
time = 22460.000ns
time = 22960.000ns
time = 23000.000ns
time = 23020.000ns
time = 23520.000ns
time = 23560.000ns
time = 23580.000ns
time = 24080.000ns
time = 24120.000ns
time = 24140.000ns
time = 24640.000ns
time = 24680.000ns
time = 24700.000ns
time = 25200.000ns
time = 25240.000ns
time = 25260.000ns
time = 25760.000ns
time = 25800.000ns
time = 25820.000ns
time = 26320.000ns
time = 26360.000ns
time = 26380.000ns
time = 26880.000ns
time = 26920.000ns
time = 27420.000ns
time = 27440.000ns
P13=1 
time = 27440.000ns
time = 27460.000ns
NC_CORE_rw=0 
time = 27460.000ns
time = 27480.000ns
time = 27980.000ns
time = 28000.000ns
P13=1 
time = 28000.000ns
time = 28020.000ns
time = 28040.000ns
time = 28540.000ns
time = 28560.000ns
P13=1 
time = 28560.000ns
time = 28580.000ns
time = 28600.000ns
time = 29100.000ns
time = 29120.000ns
P13=1 
time = 29120.000ns
time = 29140.000ns
time = 29160.000ns
time = 29660.000ns
time = 29680.000ns
P13=1 
time = 29680.000ns
time = 29700.000ns
time = 29720.000ns
time = 30220.000ns
time = 30240.000ns
P13=1 
time = 30240.000ns
time = 30260.000ns
time = 30280.000ns
time = 30780.000ns
time = 30800.000ns
P13=1 
time = 30800.000ns
time = 30820.000ns
time = 30840.000ns
time = 31340.000ns
time = 31360.000ns
P13=1 
time = 31360.000ns
time = 31380.000ns
time = 31400.000ns
time = 31900.000ns
time = 31920.000ns
P13=0 
time = 31920.000ns
time = 31940.000ns
time = 31960.000ns
time = 32460.000ns
time = 32500.000ns
time = 33000.000ns
time = 41000.000ns
time = 41500.000ns
NC_CORE_busy=0 
time = 41500.000ns
irsim> 