*** IRSIM 9.7.121 *** @ Wed Aug 26 17:33:39 JST 2026
Unexpected first line: 

Using default name "Vdd" for power net.
Using default name "Gnd" for ground net.

Read tr_1um_i2c_slave_async.sim lambda:1.00u format:MIT
1041 nodes; transistors: n-channel=1442 p-channel=1443 shorted=668
parallel txtors: n-channel=2 p-channel=2
irsim> time = 3000.000ns
P2=1 NC_HIZ2=1 NC_CORE_busy=0 NC_CORE_rw=0 NC_CORE_addr_match=0 
time = 3000.000ns
time = 3020.000ns; there are 26 pending events
time = 3040.000ns; there are 4 pending events
time = 3060.000ns; there are 2 pending events
time = 3160.000ns; there are 2 pending events
NC_HIZ2=1 NC_CORE_busy=0 NC_CORE_rw=0 NC_CORE_addr_match=0 
time = 3160.000ns; there are 2 pending events
P1=1 P2=1 NC_HIZ2=1 P15=1 NC_CORE_busy=0 NC_CORE_rw=0 NC_CORE_addr_match=0 
time = 3160.000ns; there are 2 pending events
time = 3180.000ns; there are 4 pending events
time = 3220.000ns; there are 2 pending events
NC_CORE_busy=1 
time = 3220.000ns; there are 2 pending events
time = 3240.000ns; there are 2 pending events
time = 3260.000ns; there are 2 pending events
NC_HIZ2=1 
time = 3260.000ns; there are 2 pending events
time = 3280.000ns; there are 4 pending events
time = 3300.000ns; there are 2 pending events
NC_CORE_rw=0 NC_CORE_addr_match=0 
time = 3300.000ns; there are 2 pending events
NC_CORE_busy=1 
time = 3300.000ns; there are 2 pending events
time = 3320.000ns; there are 2 pending events
time = 3820.000ns; there are 2 pending events
time = 3860.000ns; there are 2 pending events
time = 3880.000ns; there are 2 pending events
time = 4380.000ns; there are 2 pending events
time = 4420.000ns; there are 2 pending events
time = 4440.000ns; there are 2 pending events
time = 4940.000ns; there are 2 pending events
time = 4980.000ns; there are 4 pending events
time = 5000.000ns; there are 2 pending events
time = 5500.000ns; there are 2 pending events
time = 5540.000ns; there are 4 pending events
time = 5560.000ns; there are 2 pending events
time = 6060.000ns; there are 6 pending events
time = 6100.000ns; there are 2 pending events
time = 6120.000ns; there are 2 pending events
time = 6620.000ns; there are 2 pending events
time = 6660.000ns; there are 2 pending events
time = 6680.000ns; there are 2 pending events
time = 7180.000ns; there are 2 pending events
time = 7220.000ns; there are 2 pending events
time = 7240.000ns; there are 6 pending events
time = 7740.000ns; there are 2 pending events
time = 7780.000ns; there are 2 pending events
time = 8280.000ns; there are 6 pending events
time = 8300.000ns; there are 2 pending events
P2=0 
time = 8300.000ns; there are 2 pending events
time = 8320.000ns; there are 2 pending events
NC_CORE_addr_match=1 
time = 8320.000ns; there are 2 pending events
NC_CORE_rw=0 
time = 8320.000ns; there are 2 pending events
time = 8340.000ns; there are 3 pending events
time = 8840.000ns; there are 2 pending events
time = 8880.000ns; there are 2 pending events
time = 8900.000ns; there are 2 pending events
time = 9400.000ns; there are 2 pending events
time = 9440.000ns; there are 2 pending events
time = 9460.000ns; there are 6 pending events
time = 9960.000ns; there are 2 pending events
time = 10000.000ns; there are 2 pending events
time = 10020.000ns; there are 2 pending events
time = 10520.000ns; there are 2 pending events
time = 10560.000ns; there are 2 pending events
time = 10580.000ns; there are 2 pending events
time = 11080.000ns; there are 2 pending events
time = 11120.000ns; there are 2 pending events
time = 11140.000ns; there are 2 pending events
time = 11640.000ns; there are 2 pending events
time = 11680.000ns; there are 4 pending events
time = 11700.000ns; there are 2 pending events
time = 12200.000ns; there are 4 pending events
time = 12240.000ns; there are 2 pending events
time = 12260.000ns; there are 2 pending events
time = 12760.000ns; there are 4 pending events
time = 12800.000ns; there are 2 pending events
time = 13300.000ns; there are 2 pending events
time = 13320.000ns; there are 2 pending events
P2=0 
time = 13320.000ns; there are 2 pending events
time = 13340.000ns; there are 2 pending events
NC_OUT11=1 NC_OUT12=0 NC_OUT13=1 NC_OUT14=0 NC_OUT6=0 NC_OUT5=1 NC_OUT4=0 
NC_OUT3=1 
time = 13340.000ns; there are 2 pending events
time = 13840.000ns; there are 2 pending events
time = 21840.000ns; there are 2 pending events
time = 22340.000ns; there are 4 pending events
NC_CORE_busy=0 
time = 22340.000ns; there are 4 pending events
NC_CORE_busy=0 
time = 22340.000ns; there are 4 pending events
time = 22380.000ns; there are 2 pending events
time = 22400.000ns; there are 2 pending events
time = 22440.000ns; there are 4 pending events
NC_CORE_busy=1 
time = 22440.000ns; there are 4 pending events
time = 22460.000ns; there are 2 pending events
time = 22480.000ns; there are 2 pending events
time = 22500.000ns; there are 2 pending events
NC_CORE_rw=0 NC_CORE_addr_match=0 
time = 22500.000ns; there are 2 pending events
time = 22520.000ns; there are 2 pending events
time = 23020.000ns; there are 2 pending events
time = 23060.000ns; there are 2 pending events
time = 23080.000ns; there are 2 pending events
time = 23580.000ns; there are 2 pending events
time = 23620.000ns; there are 4 pending events
time = 23640.000ns; there are 2 pending events
time = 24140.000ns; there are 4 pending events
time = 24180.000ns; there are 2 pending events
time = 24200.000ns; there are 2 pending events
time = 24700.000ns; there are 4 pending events
time = 24740.000ns; there are 2 pending events
time = 24760.000ns; there are 2 pending events
time = 25260.000ns; there are 2 pending events
time = 25300.000ns; there are 2 pending events
time = 25320.000ns; there are 2 pending events
time = 25820.000ns; there are 2 pending events
time = 25860.000ns; there are 2 pending events
time = 25880.000ns; there are 4 pending events
time = 26380.000ns; there are 2 pending events
time = 26420.000ns; there are 2 pending events
time = 26440.000ns; there are 2 pending events
time = 26940.000ns; there are 2 pending events
time = 26980.000ns; there are 2 pending events
time = 27480.000ns; there are 2 pending events
time = 27500.000ns; there are 2 pending events
P2=0 
time = 27500.000ns; there are 2 pending events
time = 27520.000ns; there are 2 pending events
NC_CORE_rw=1 
time = 27520.000ns; there are 2 pending events
time = 27540.000ns; there are 2 pending events
time = 28040.000ns; there are 2 pending events
time = 28060.000ns; there are 2 pending events
P2=0 
time = 28060.000ns; there are 2 pending events
time = 28080.000ns; there are 2 pending events
time = 28100.000ns; there are 6 pending events
time = 28600.000ns; there are 2 pending events
time = 28620.000ns; there are 8 pending events
P2=0 
time = 28620.000ns; there are 8 pending events
time = 28640.000ns; there are 2 pending events
time = 28660.000ns; there are 2 pending events
time = 29160.000ns; there are 2 pending events
time = 29180.000ns; there are 2 pending events
P2=1 
time = 29180.000ns; there are 2 pending events
time = 29200.000ns; there are 2 pending events
time = 29220.000ns; there are 2 pending events
time = 29720.000ns; there are 2 pending events
time = 29740.000ns; there are 2 pending events
P2=1 
time = 29740.000ns; there are 2 pending events
time = 29760.000ns; there are 2 pending events
time = 29780.000ns; there are 2 pending events
time = 30280.000ns; there are 2 pending events
time = 30300.000ns; there are 2 pending events
P2=1 
time = 30300.000ns; there are 2 pending events
time = 30320.000ns; there are 8 pending events
time = 30340.000ns; there are 2 pending events
time = 30840.000ns; there are 4 pending events
time = 30860.000ns; there are 2 pending events
P2=1 
time = 30860.000ns; there are 2 pending events
time = 30880.000ns; there are 2 pending events
time = 30900.000ns; there are 2 pending events
time = 31400.000ns; there are 2 pending events
time = 31420.000ns; there are 2 pending events
P2=0 
time = 31420.000ns; there are 2 pending events
time = 31440.000ns; there are 2 pending events
time = 31460.000ns; there are 2 pending events
time = 31960.000ns; there are 2 pending events
time = 31980.000ns; there are 2 pending events
P2=0 
time = 31980.000ns; there are 2 pending events
time = 32000.000ns; there are 2 pending events
time = 32020.000ns; there are 4 pending events
time = 32520.000ns; there are 2 pending events
time = 32560.000ns; there are 2 pending events
time = 33060.000ns; there are 2 pending events
time = 41060.000ns; there are 2 pending events
time = 41560.000ns; there are 2 pending events
NC_CORE_busy=0 
time = 41560.000ns; there are 2 pending events
NC_CORE_busy=0 
time = 41560.000ns; there are 2 pending events
time = 41580.000ns; there are 2 pending events
time = 41620.000ns; there are 2 pending events
NC_CORE_busy=1 
time = 41620.000ns; there are 2 pending events
time = 41640.000ns; there are 4 pending events
time = 41660.000ns; there are 2 pending events
time = 41680.000ns; there are 2 pending events
NC_CORE_rw=0 NC_CORE_addr_match=0 
time = 41680.000ns; there are 2 pending events
time = 41700.000ns; there are 2 pending events
time = 42200.000ns; there are 2 pending events
time = 42240.000ns; there are 2 pending events
time = 42260.000ns; there are 10 pending events
time = 42760.000ns; there are 2 pending events
time = 42800.000ns; there are 2 pending events
time = 42820.000ns; there are 4 pending events
time = 43320.000ns; there are 2 pending events
time = 43360.000ns; there are 2 pending events
time = 43380.000ns; there are 2 pending events
time = 43880.000ns; there are 2 pending events
time = 43920.000ns; there are 2 pending events
time = 43940.000ns; there are 2 pending events
time = 44440.000ns; there are 2 pending events
time = 44480.000ns; there are 2 pending events
time = 44500.000ns; there are 2 pending events
time = 45000.000ns; there are 2 pending events
time = 45040.000ns; there are 4 pending events
time = 45060.000ns; there are 2 pending events
time = 45560.000ns; there are 6 pending events
time = 45600.000ns; there are 2 pending events
time = 45620.000ns; there are 2 pending events
time = 46120.000ns; there are 2 pending events
time = 46160.000ns; there are 2 pending events
time = 46660.000ns; there are 2 pending events
time = 46680.000ns; there are 2 pending events
P2=1 
time = 46680.000ns; there are 2 pending events
time = 46700.000ns; there are 2 pending events
NC_CORE_addr_match=0 
time = 46700.000ns; there are 2 pending events
time = 47200.000ns; there are 2 pending events
time = 55200.000ns; there are 2 pending events
time = 55700.000ns; there are 2 pending events
NC_CORE_busy=0 
time = 55700.000ns; there are 2 pending events
NC_CORE_busy=0 
time = 55700.000ns; there are 2 pending events
irsim> 